
AJ_ACER@AJ MINGW64 /c/projects/git/gittwo (bugfix)
$ ls
Screenshot.png  hero.html   log.txt   nav-bar.html
footer.html     index.html  log2.txt

AJ_ACER@AJ MINGW64 /c/projects/git/gittwo (bugfix)
$ cd..
bash: cd..: command not found

AJ_ACER@AJ MINGW64 /c/projects/git/gittwo (bugfix)
$ cd ..

AJ_ACER@AJ MINGW64 /c/projects/git (master)
$ ls
gitone/  gitthree/  gittwo/  notes.txt  testone.txt  testtwo.txt

AJ_ACER@AJ MINGW64 /c/projects/git (master)
$ cd gitthree

AJ_ACER@AJ MINGW64 /c/projects/git/gitthree (master)
$ ls

AJ_ACER@AJ MINGW64 /c/projects/git/gitthree (master)
$ ls -la
total 4
drwxr-xr-x 1 AJ_ACER 197121 0 Jul  9 12:15 ./
drwxr-xr-x 1 AJ_ACER 197121 0 Jul 11 00:28 ../

AJ_ACER@AJ MINGW64 /c/projects/git/gitthree (master)
$ git status
On branch master

No commits yet

Untracked files:
  (use "git add <file>..." to include in what will be committed)
        ../gitone/
        ./
        ../gittwo/
        ../notes.txt
        ../testone.txt
        ../testtwo.txt

nothing added to commit but untracked files present (use "git add" to track)

AJ_ACER@AJ MINGW64 /c/projects/git/gitthree (master)
$ git init
Initialized empty Git repository in C:/Projects/Git/gitthree/.git/

AJ_ACER@AJ MINGW64 /c/projects/git/gitthree (master)
$ ls
index.html

AJ_ACER@AJ MINGW64 /c/projects/git/gitthree (master)
$ git status
On branch master

No commits yet

Untracked files:
  (use "git add <file>..." to include in what will be committed)
        index.html

nothing added to commit but untracked files present (use "git add" to track)

AJ_ACER@AJ MINGW64 /c/projects/git/gitthree (master)
$ git commit -am "add index file"
On branch master

Initial commit

Untracked files:
  (use "git add <file>..." to include in what will be committed)
        index.html

nothing added to commit but untracked files present (use "git add" to track)

AJ_ACER@AJ MINGW64 /c/projects/git/gitthree (master)
$ git commit -am "add index file"
On branch master

Initial commit

Untracked files:
  (use "git add <file>..." to include in what will be committed)
        index.html

nothing added to commit but untracked files present (use "git add" to track)

AJ_ACER@AJ MINGW64 /c/projects/git/gitthree (master)
$ git add .

AJ_ACER@AJ MINGW64 /c/projects/git/gitthree (master)
$ git commit -m "add index file"
[master (root-commit) 75ad877] add index file
 1 file changed, 13 insertions(+)
 create mode 100644 index.html

AJ_ACER@AJ MINGW64 /c/projects/git/gitthree (master)
$ git branch
* master

AJ_ACER@AJ MINGW64 /c/projects/git/gitthree (master)
$ git branch -M main

AJ_ACER@AJ MINGW64 /c/projects/git/gitthree (main)
$ git branch
* main

AJ_ACER@AJ MINGW64 /c/projects/git/gitthree (main)
$ git remote -v

AJ_ACER@AJ MINGW64 /c/projects/git/gitthree (main)
$ git remote add origin https://github.com/Ashu8408/Learn-git.git

AJ_ACER@AJ MINGW64 /c/projects/git/gitthree (main)
$ git status
On branch main
nothing to commit, working tree clean

AJ_ACER@AJ MINGW64 /c/projects/git/gitthree (main)
$ git remote -v
origin  https://github.com/Ashu8408/Learn-git.git (fetch)
origin  https://github.com/Ashu8408/Learn-git.git (push)

AJ_ACER@AJ MINGW64 /c/projects/git/gitthree (main)
$ git push origin main
To https://github.com/Ashu8408/Learn-git.git
 ! [rejected]        main -> main (fetch first)
error: failed to push some refs to 'https://github.com/Ashu8408/Learn-git.git'
hint: Updates were rejected because the remote contains work that you do not
hint: have locally. This is usually caused by another repository pushing to
hint: the same ref. If you want to integrate the remote changes, use
hint: 'git pull' before pushing again.
hint: See the 'Note about fast-forwards' in 'git push --help' for details.

AJ_ACER@AJ MINGW64 /c/projects/git/gitthree (main)
$ git push -u origin main
To https://github.com/Ashu8408/Learn-git.git
 ! [rejected]        main -> main (fetch first)
error: failed to push some refs to 'https://github.com/Ashu8408/Learn-git.git'
hint: Updates were rejected because the remote contains work that you do not
hint: have locally. This is usually caused by another repository pushing to
hint: the same ref. If you want to integrate the remote changes, use
hint: 'git pull' before pushing again.
hint: See the 'Note about fast-forwards' in 'git push --help' for details.

AJ_ACER@AJ MINGW64 /c/projects/git/gitthree (main)
$ git push -u origin main
To https://github.com/Ashu8408/Learn-git.git
 ! [rejected]        main -> main (fetch first)
error: failed to push some refs to 'https://github.com/Ashu8408/Learn-git.git'
hint: Updates were rejected because the remote contains work that you do not
hint: have locally. This is usually caused by another repository pushing to
hint: the same ref. If you want to integrate the remote changes, use
hint: 'git pull' before pushing again.
hint: See the 'Note about fast-forwards' in 'git push --help' for details.

AJ_ACER@AJ MINGW64 /c/projects/git/gitthree (main)
$ git pull origin main
remote: Enumerating objects: 6, done.
remote: Counting objects: 100% (6/6), done.
remote: Compressing objects: 100% (6/6), done.
remote: Total 6 (delta 0), reused 0 (delta 0), pack-reused 0
Unpacking objects: 100% (6/6), 190.21 KiB | 889.00 KiB/s, done.
From https://github.com/Ashu8408/Learn-git
 * branch            main       -> FETCH_HEAD
 * [new branch]      main       -> origin/main
fatal: refusing to merge unrelated histories

AJ_ACER@AJ MINGW64 /c/projects/git/gitthree (main)
$ git status
On branch main
nothing to commit, working tree clean

AJ_ACER@AJ MINGW64 /c/projects/git/gitthree (main)
$ git push -u origin main
To https://github.com/Ashu8408/Learn-git.git
 ! [rejected]        main -> main (non-fast-forward)
error: failed to push some refs to 'https://github.com/Ashu8408/Learn-git.git'
hint: Updates were rejected because the tip of your current branch is behind
hint: its remote counterpart. If you want to integrate the remote changes,
hint: use 'git pull' before pushing again.
hint: See the 'Note about fast-forwards' in 'git push --help' for details.

AJ_ACER@AJ MINGW64 /c/projects/git/gitthree (main)
$ git push -f origin main
Enumerating objects: 3, done.
Counting objects: 100% (3/3), done.
Delta compression using up to 8 threads
Compressing objects: 100% (2/2), done.
Writing objects: 100% (3/3), 602 bytes | 602.00 KiB/s, done.
Total 3 (delta 0), reused 0 (delta 0), pack-reused 0 (from 0)
To https://github.com/Ashu8408/Learn-git.git
 + 5d213bd...75ad877 main -> main (forced update)

AJ_ACER@AJ MINGW64 /c/projects/git/gitthree (main)
$ git push -u origin main
Everything up-to-date
branch 'main' set up to track 'origin/main'.

AJ_ACER@AJ MINGW64 /c/projects/git/gitthree (main)
$ git status
On branch main
Your branch is up to date with 'origin/main'.

Changes not staged for commit:
  (use "git add <file>..." to update what will be committed)
  (use "git restore <file>..." to discard changes in working directory)
        modified:   index.html

no changes added to commit (use "git add" and/or "git commit -a")

AJ_ACER@AJ MINGW64 /c/projects/git/gitthree (main)
$ git add index.html

AJ_ACER@AJ MINGW64 /c/projects/git/gitthree (main)
$ git commit -m "add updated index file"
[main 98f9b47] add updated index file
 1 file changed, 9 insertions(+), 2 deletions(-)

AJ_ACER@AJ MINGW64 /c/projects/git/gitthree (main)
$ git status
On branch main
Your branch is ahead of 'origin/main' by 1 commit.
  (use "git push" to publish your local commits)

nothing to commit, working tree clean

AJ_ACER@AJ MINGW64 /c/projects/git/gitthree (main)
$ git push
Enumerating objects: 5, done.
Counting objects: 100% (5/5), done.
Delta compression using up to 8 threads
Compressing objects: 100% (2/2), done.
Writing objects: 100% (3/3), 405 bytes | 405.00 KiB/s, done.
Total 3 (delta 1), reused 0 (delta 0), pack-reused 0 (from 0)
remote: Resolving deltas: 100% (1/1), completed with 1 local object.
To https://github.com/Ashu8408/Learn-git.git
   75ad877..98f9b47  main -> main

AJ_ACER@AJ MINGW64 /c/projects/git/gitthree (main)
$ git status
On branch main
Your branch is up to date with 'origin/main'.

Untracked files:
  (use "git add <file>..." to include in what will be committed)
        readme.md

nothing added to commit but untracked files present (use "git add" to track)

AJ_ACER@AJ MINGW64 /c/projects/git/gitthree (main)
$ git commit -am "add readme file"
On branch main
Your branch is up to date with 'origin/main'.

Untracked files:
  (use "git add <file>..." to include in what will be committed)
        readme.md

nothing added to commit but untracked files present (use "git add" to track)

AJ_ACER@AJ MINGW64 /c/projects/git/gitthree (main)
$ git add .

AJ_ACER@AJ MINGW64 /c/projects/git/gitthree (main)
$ git commit -m "add readme file"
[main 1fc84ca] add readme file
 1 file changed, 7 insertions(+)
 create mode 100644 readme.md

AJ_ACER@AJ MINGW64 /c/projects/git/gitthree (main)
$ git push
Enumerating objects: 4, done.
Counting objects: 100% (4/4), done.
Delta compression using up to 8 threads
Compressing objects: 100% (3/3), done.
Writing objects: 100% (3/3), 332 bytes | 332.00 KiB/s, done.
Total 3 (delta 0), reused 0 (delta 0), pack-reused 0 (from 0)
To https://github.com/Ashu8408/Learn-git.git
   98f9b47..1fc84ca  main -> main

AJ_ACER@AJ MINGW64 /c/projects/git/gitthree (main)
$ git add .

AJ_ACER@AJ MINGW64 /c/projects/git/gitthree (main)
$ git commit -m "update readme file"
[main a600bdd] update readme file
 1 file changed, 1 insertion(+), 1 deletion(-)

AJ_ACER@AJ MINGW64 /c/projects/git/gitthree (main)
$ git push
Enumerating objects: 5, done.
Counting objects: 100% (5/5), done.
Delta compression using up to 8 threads
Compressing objects: 100% (3/3), done.
Writing objects: 100% (3/3), 316 bytes | 316.00 KiB/s, done.
Total 3 (delta 1), reused 0 (delta 0), pack-reused 0 (from 0)
remote: Resolving deltas: 100% (1/1), completed with 1 local object.
To https://github.com/Ashu8408/Learn-git.git
   1fc84ca..a600bdd  main -> main

AJ_ACER@AJ MINGW64 /c/projects/git/gitthree (main)
$ ls
index.html  readme.md

AJ_ACER@AJ MINGW64 /c/projects/git/gitthree (main)
$ cd ..

AJ_ACER@AJ MINGW64 /c/projects/git (master)
$ ls
gitone/  gitthree/  gittwo/  notes.txt  testone.txt  testtwo.txt

AJ_ACER@AJ MINGW64 /c/projects/git (master)
$ git clone https://github.com/Ashu8408/my_portfolio.git
Cloning into 'my_portfolio'...
remote: Enumerating objects: 116, done.
remote: Counting objects: 100% (116/116), done.
remote: Compressing objects: 100% (110/110), done.
remote: Total 116 (delta 10), reused 96 (delta 1), pack-reused 0
Receiving objects: 100% (116/116), 849.85 KiB | 4.29 MiB/s, done.
Resolving deltas: 100% (10/10), done.

AJ_ACER@AJ MINGW64 /c/projects/git (master)
$ ls
gitone/    gittwo/        notes.txt    testtwo.txt
gitthree/  my_portfolio/  testone.txt

AJ_ACER@AJ MINGW64 /c/projects/git (master)
$ ls
gitone/    gittwo/        notes.txt    testtwo.txt
gitthree/  my_portfolio/  testone.txt

AJ_ACER@AJ MINGW64 /c/projects/git (master)
$ cd gitthree

AJ_ACER@AJ MINGW64 /c/projects/git/gitthree (main)
$ ls
Screenshot_1.png  Screenshot_3.png  notes.txt
Screenshot_2.png  index.html        readme.md

AJ_ACER@AJ MINGW64 /c/projects/git/gitthree (main)
$ git init
Reinitialized existing Git repository in C:/Projects/Git/gitthree/.git/

AJ_ACER@AJ MINGW64 /c/projects/git/gitthree (main)
$ git status
On branch main
Your branch is up to date with 'origin/main'.

Untracked files:
  (use "git add <file>..." to include in what will be committed)
        Screenshot_1.png
        Screenshot_2.png
        Screenshot_3.png
        notes.txt

nothing added to commit but untracked files present (use "git add" to track)

AJ_ACER@AJ MINGW64 /c/projects/git/gitthree (main)
$ git add .
warning: in the working copy of 'notes.txt', LF will be replaced by CRLF the next time Git touches it

AJ_ACER@AJ MINGW64 /c/projects/git/gitthree (main)
$ git commit -m "adding noted and snippets"
[main cc44ecf] adding noted and snippets
 4 files changed, 141 insertions(+)
 create mode 100644 Screenshot_1.png
 create mode 100644 Screenshot_2.png
 create mode 100644 Screenshot_3.png
 create mode 100644 notes.txt

AJ_ACER@AJ MINGW64 /c/projects/git/gitthree (main)
$ git push
Enumerating objects: 7, done.
Counting objects: 100% (7/7), done.
Delta compression using up to 8 threads
Compressing objects: 100% (6/6), done.
Writing objects: 100% (6/6), 701.00 KiB | 25.04 MiB/s, done.
Total 6 (delta 0), reused 0 (delta 0), pack-reused 0 (from 0)
To https://github.com/Ashu8408/Learn-git.git
   a600bdd..cc44ecf  main -> main

AJ_ACER@AJ MINGW64 /c/projects/git/gitthree (main)
$ git status
On branch main
Your branch is up to date with 'origin/main'.

nothing to commit, working tree clean

AJ_ACER@AJ MINGW64 /c/projects/git/gitthree (main)
$ git branch
* main

AJ_ACER@AJ MINGW64 /c/projects/git/gitthree (main)
$

AJ_ACER@AJ MINGW64 /c/projects/git/gitthree (main)
$ ls
Screenshot_1.png  Screenshot_3.png  notes.txt
Screenshot_2.png  index.html        readme.md

AJ_ACER@AJ MINGW64 /c/projects/git/gitthree (main)
$ cd ..

AJ_ACER@AJ MINGW64 /c/projects/git (master)
$ ls
gitone/    gittwo/  log2.txt  my_portfolio/  testone.txt
gitthree/  log.txt  log3.txt  notes.txt      testtwo.txt

AJ_ACER@AJ MINGW64 /c/projects/git (master)
$ touch f1-car

AJ_ACER@AJ MINGW64 /c/projects/git (master)
$ ls
f1-car   gitthree/  log.txt   log3.txt       notes.txt    testtwo.txt
gitone/  gittwo/    log2.txt  my_portfolio/  testone.txt

AJ_ACER@AJ MINGW64 /c/projects/git (master)
$ mkdir f1-car
mkdir: cannot create directory ‘f1-car’: File exists

AJ_ACER@AJ MINGW64 /c/projects/git (master)
$ mkdir f1-car-race

AJ_ACER@AJ MINGW64 /c/projects/git (master)
$ ls
f1-car        gitone/    gittwo/  log2.txt  my_portfolio/  testone.txt
f1-car-race/  gitthree/  log.txt  log3.txt  notes.txt      testtwo.txt

AJ_ACER@AJ MINGW64 /c/projects/git (master)
$ git clone https://github.com/Ashu8408/Survive-the-F1-Crash.git
Cloning into 'Survive-the-F1-Crash'...
remote: Enumerating objects: 24, done.
remote: Counting objects: 100% (24/24), done.
remote: Compressing objects: 100% (22/22), done.
remote: Total 24 (delta 9), reused 0 (delta 0), pack-reused 0
Receiving objects: 100% (24/24), 7.36 KiB | 1.05 MiB/s, done.
Resolving deltas: 100% (9/9), done.

AJ_ACER@AJ MINGW64 /c/projects/git (master)
$ ls
Survive-the-F1-Crash/  gitone/    log.txt   my_portfolio/  testtwo.txt
f1-car                 gitthree/  log2.txt  notes.txt
f1-car-race/           gittwo/    log3.txt  testone.txt

AJ_ACER@AJ MINGW64 /c/projects/git (master)
$ ls
Survive-Crash/  gitone/    log.txt   my_portfolio/  testtwo.txt
f1-car          gitthree/  log2.txt  notes.txt
f1-car-race/    gittwo/    log3.txt  testone.txt

AJ_ACER@AJ MINGW64 /c/projects/git (master)
$ cd Survive-Crash

AJ_ACER@AJ MINGW64 /c/projects/git/Survive-Crash (main)
$ git status
On branch main
Your branch is up to date with 'origin/main'.

Untracked files:
  (use "git add <file>..." to include in what will be committed)
        nav-bar.html

nothing added to commit but untracked files present (use "git add" to track)

AJ_ACER@AJ MINGW64 /c/projects/git/Survive-Crash (main)
$ git branch
* main

AJ_ACER@AJ MINGW64 /c/projects/git/Survive-Crash (main)
$ git checkout -d navbar
fatal: git checkout: --detach does not take a path argument 'navbar'

AJ_ACER@AJ MINGW64 /c/projects/git/Survive-Crash (main)
$ git branch
* main

AJ_ACER@AJ MINGW64 /c/projects/git/Survive-Crash (main)
$ git checkout -b navbar
Switched to a new branch 'navbar'

AJ_ACER@AJ MINGW64 /c/projects/git/Survive-Crash (navbar)
$ git branch
  main
* navbar

AJ_ACER@AJ MINGW64 /c/projects/git/Survive-Crash (navbar)
$ git status
On branch navbar
Untracked files:
  (use "git add <file>..." to include in what will be committed)
        nav-bar.html

nothing added to commit but untracked files present (use "git add" to track)

AJ_ACER@AJ MINGW64 /c/projects/git/Survive-Crash (navbar)
$ git status
On branch navbar
Untracked files:
  (use "git add <file>..." to include in what will be committed)
        nav-bar.html

nothing added to commit but untracked files present (use "git add" to track)

AJ_ACER@AJ MINGW64 /c/projects/git/Survive-Crash (navbar)
$

AJ_ACER@AJ MINGW64 /c/projects/git/Survive-Crash (navbar)
$ git add .

AJ_ACER@AJ MINGW64 /c/projects/git/Survive-Crash (navbar)
$ git commit -m "add navbar feature to code"
[navbar fdfa749] add navbar feature to code
 1 file changed, 6 insertions(+)
 create mode 100644 nav-bar.html

AJ_ACER@AJ MINGW64 /c/projects/git/Survive-Crash (navbar)
$ git remove -v
git: 'remove' is not a git command. See 'git --help'.

The most similar command is
        remote

AJ_ACER@AJ MINGW64 /c/projects/git/Survive-Crash (navbar)
$ git remote -v
origin  https://github.com/Ashu8408/Survive-the-F1-Crash.git (fetch)
origin  https://github.com/Ashu8408/Survive-the-F1-Crash.git (push)

AJ_ACER@AJ MINGW64 /c/projects/git/Survive-Crash (navbar)
$ git push origin navbar
Enumerating objects: 4, done.
Counting objects: 100% (4/4), done.
Delta compression using up to 8 threads
Compressing objects: 100% (3/3), done.
Writing objects: 100% (3/3), 318 bytes | 318.00 KiB/s, done.
Total 3 (delta 1), reused 0 (delta 0), pack-reused 0 (from 0)
remote: Resolving deltas: 100% (1/1), completed with 1 local object.
remote:
remote: Create a pull request for 'navbar' on GitHub by visiting:
remote:      https://github.com/Ashu8408/Survive-the-F1-Crash/pull/new/navbar
remote:
To https://github.com/Ashu8408/Survive-the-F1-Crash.git
 * [new branch]      navbar -> navbar

AJ_ACER@AJ MINGW64 /c/projects/git/Survive-Crash (navbar)
$
